Microsoft (R) Macro Assembler Version 6.15.8803		    06/13/11 15:16:32
Addition of two byte-numbers				     Page 1 - 1


				; Program 01 - Addition of two byte-numbers
				; Written by Hamidreza Hosseinkhani (hosseinkhani@live.com)
				; June, 2011
						TITLE Addition of two byte-numbers
						
 0000				StkSeg	SEGMENT para stack 'stack'
 0000  0040 [					DB 64 DUP (?)
        00
       ]
 0040				StkSeg	ENDS

 0000				DtaSeg	SEGMENT para private 'data'
 0000 FE			Num1	DB 0FEh
 0001 ED			Num2	DB 0EDh
						ORG 000Ah
 000A 0000			Sum		DW ?
 000C				DtaSeg	ENDS

 0000				CodSeg	SEGMENT para private 'code'

 0000				Main	PROC near
						ASSUME cs:CodSeg, ds:DtaSeg, ss:StkSeg

 0000  B8 ---- R				mov ax, DtaSeg
 0003  8E D8					mov ds, ax

 0005  B4 00					mov ah, 00h
 0007  A0 0000 R				mov al, Num1
 000A  B7 00					mov bh, 00h
 000C  8A 1E 0001 R				mov bl, Num2
 0010  03 C3					add ax, bx
 0012  A3 000A R				mov Sum, ax

 0015  B8 4C00					mov ax, 4C00h
 0018  CD 21					int 21h
 001A				Main	ENDP

 001A				CodSeg	ENDS

						END Main
Microsoft (R) Macro Assembler Version 6.15.8803		    06/13/11 15:16:32
Addition of two byte-numbers				     Symbols 2 - 1




Segments and Groups:

                N a m e                 Size     Length   Align   Combine Class

CodSeg . . . . . . . . . . . . .	16 Bit	 001A	  Para	  Private 'CODE'	
DtaSeg . . . . . . . . . . . . .	16 Bit	 000C	  Para	  Private 'DATA'	
StkSeg . . . . . . . . . . . . .	16 Bit	 0040	  Para	  Stack	  'STACK'	 


Procedures,  parameters and locals:

                N a m e                 Type     Value    Attr

Main . . . . . . . . . . . . . .	P Near	 0000	  CodSeg	Length= 001A Public


Symbols:

                N a m e                 Type     Value    Attr

Num1 . . . . . . . . . . . . . .	Byte	 0000	  DtaSeg	
Num2 . . . . . . . . . . . . . .	Byte	 0001	  DtaSeg	
Sum  . . . . . . . . . . . . . .	Word	 000A	  DtaSeg	

	   0 Warnings
	   0 Errors
